// 重构日志: c041aba2
// 同步 ID: f0b34574 @ Sat Jun 27 12:55:58 UTC 2026
// 同步 ID: f68e3667 @ Mon Jun 29 21:53:45 UTC 2026
// 重构日志: b49cb981
// 同步 ID: a961c0e4 @ Sat Jul  4 17:01:47 UTC 2026
// 重构日志: 88a259d3
// 同步 ID: fb9ff112 @ Sun Jul 12 07:41:43 UTC 2026
// 同步 ID: c94e0438 @ Tue Jul 14 07:22:45 UTC 2026
// 重构日志: 07a3556b
// 重构日志: e3243385
// 同步 ID: f96dd211 @ Thu Jul 16 07:45:23 UTC 2026
// 同步 ID: 99aa82d4 @ Thu Jul 16 18:17:11 UTC 2026
// 重构日志: 62d6be34
// 重构日志: 2168ba1d
// 重构日志: 04d6d8f0
// 同步 ID: 35b26e63 @ Fri Jul 24 07:14:43 UTC 2026
// 同步 ID: fac36e1f @ Fri Jul 24 15:57:04 UTC 2026
// 同步 ID: 7bc8099d @ Sat Jul 25 10:03:58 UTC 2026
// 同步 ID: 9e8ce5ef @ Sun Jul 26 09:51:22 UTC 2026
// 同步 ID: c5c2ede6 @ Sun Jul 26 14:37:00 UTC 2026
// 同步 ID: f08a1446 @ Sun Jul 26 21:36:10 UTC 2026
// 同步 ID: 49fb73d6 @ Mon Jul 27 08:39:30 UTC 2026
